// Jest Snapshot v1, https://goo.gl/fbAQLP

exports[`ExchangeFormTest: should render correctly 1`] = `undefined`;

exports[`SearchTest: should render correctly 1`] = `undefined`;
