// Jest Snapshot v1, https://goo.gl/fbAQLP

exports[`CurrencyInput Tests should render correctly 1`] = `undefined`;

exports[`Input Tests should render correctly 1`] = `undefined`;
